Component: ARM Compiler 5.06 update 1 (build 61) Tool: armlink [4d35ed]

==============================================================================

Section Cross References

    kernel.o(i.SysTick_Handler) refers to kernel.o(.data) for tick
    kernel.o(i.init_kernel) refers to kernel.o(.data) for tick
    kernel.o(i.init_kernel) refers to system_tm4c123.o(.data) for SystemCoreClock
    kernel.o(i.kernel_add_thread) refers to kernel.o(.data) for thread_num
    kernel.o(i.kernel_add_thread) refers to kernel.o(.bss) for prev_thread
    kernel.o(i.kernel_create_task) refers to kernel.o(i.kernel_init_stack) for kernel_init_stack
    kernel.o(i.kernel_create_task) refers to kernel.o(.bss) for thread
    kernel.o(i.kernel_create_task) refers to kernel.o(.data) for thread_num
    kernel.o(i.kernel_delay) refers to kernel.o(.data) for current_thread
    kernel.o(i.kernel_init_stack) refers to kernel.o(.bss) for tcb_stack
    kernel.o(i.launch_kernel) refers to kernel_1.o( .text) for Kernel_Launch_scheduler
    kernel.o(i.launch_kernel) refers to kernel.o(.data) for ms_prescalar
    kernel_1.o( .text) refers to kernel.o(i.OS_sched) for OS_sched
    kernel_1.o( .text) refers to kernel.o(.data) for current_thread
    main.o(i.Task0) refers to main.o(.data) for count0
    main.o(i.Task1) refers to main.o(.data) for count1
    main.o(i.Task2) refers to main.o(.data) for count2
    main.o(i.Task3) refers to main.o(.data) for count3
    main.o(i.main) refers to kernel.o(i.kernel_add_thread) for kernel_add_thread
    main.o(i.main) refers to kernel.o(i.init_kernel) for init_kernel
    main.o(i.main) refers to kernel.o(i.launch_kernel) for launch_kernel
    main.o(i.main) refers to main.o(i.Task0) for Task0
    main.o(i.main) refers to main.o(i.Task3) for Task3
    main.o(i.main) refers to main.o(i.Task1) for Task1
    main.o(i.main) refers to main.o(i.Task2) for Task2
    startup_tm4c123.o(STACK) refers (Special) to heapauxi.o(.text) for __use_two_region_memory
    startup_tm4c123.o(HEAP) refers (Special) to heapauxi.o(.text) for __use_two_region_memory
    startup_tm4c123.o(RESET) refers (Special) to heapauxi.o(.text) for __use_two_region_memory
    startup_tm4c123.o(RESET) refers to startup_tm4c123.o(STACK) for __initial_sp
    startup_tm4c123.o(RESET) refers to startup_tm4c123.o(.text) for Reset_Handler
    startup_tm4c123.o(RESET) refers to kernel_1.o( .text) for PendSV_Handler
    startup_tm4c123.o(RESET) refers to kernel.o(i.SysTick_Handler) for SysTick_Handler
    startup_tm4c123.o(.text) refers (Special) to heapauxi.o(.text) for __use_two_region_memory
    startup_tm4c123.o(.text) refers to system_tm4c123.o(i.SystemInit) for SystemInit
    startup_tm4c123.o(.text) refers to __main.o(!!!main) for __main
    startup_tm4c123.o(.text) refers to startup_tm4c123.o(HEAP) for Heap_Mem
    startup_tm4c123.o(.text) refers to startup_tm4c123.o(STACK) for Stack_Mem
    system_tm4c123.o(i.SystemCoreClockUpdate) refers to system_tm4c123.o(i.getOscClk) for getOscClk
    system_tm4c123.o(i.SystemCoreClockUpdate) refers to system_tm4c123.o(.data) for SystemCoreClock
    __main.o(!!!main) refers to __rtentry.o(.ARM.Collect$$rtentry$$00000000) for __rt_entry
    __rtentry.o(.ARM.Collect$$rtentry$$00000000) refers (Special) to __rtentry2.o(.ARM.Collect$$rtentry$$0000000A) for __rt_entry_li
    __rtentry.o(.ARM.Collect$$rtentry$$00000000) refers (Special) to __rtentry2.o(.ARM.Collect$$rtentry$$0000000D) for __rt_entry_main
    __rtentry.o(.ARM.Collect$$rtentry$$00000000) refers (Special) to __rtentry2.o(.ARM.Collect$$rtentry$$0000000C) for __rt_entry_postli_1
    __rtentry.o(.ARM.Collect$$rtentry$$00000000) refers (Special) to __rtentry2.o(.ARM.Collect$$rtentry$$00000009) for __rt_entry_postsh_1
    __rtentry.o(.ARM.Collect$$rtentry$$00000000) refers (Special) to __rtentry2.o(.ARM.Collect$$rtentry$$00000002) for __rt_entry_presh_1
    __rtentry.o(.ARM.Collect$$rtentry$$00000000) refers (Special) to __rtentry4.o(.ARM.Collect$$rtentry$$00000004) for __rt_entry_sh
    __rtentry2.o(.ARM.Collect$$rtentry$$00000008) refers to boardinit2.o(.text) for _platform_post_stackheap_init
    __rtentry2.o(.ARM.Collect$$rtentry$$0000000A) refers to libinit.o(.ARM.Collect$$libinit$$00000000) for __rt_lib_init
    __rtentry2.o(.ARM.Collect$$rtentry$$0000000B) refers to boardinit3.o(.text) for _platform_post_lib_init
    __rtentry2.o(.ARM.Collect$$rtentry$$0000000D) refers to main.o(i.main) for main
    __rtentry2.o(.ARM.Collect$$rtentry$$0000000D) refers to exit.o(.text) for exit
    __rtentry2.o(.ARM.exidx) refers to __rtentry2.o(.ARM.Collect$$rtentry$$00000001) for .ARM.Collect$$rtentry$$00000001
    __rtentry2.o(.ARM.exidx) refers to __rtentry2.o(.ARM.Collect$$rtentry$$00000008) for .ARM.Collect$$rtentry$$00000008
    __rtentry2.o(.ARM.exidx) refers to __rtentry2.o(.ARM.Collect$$rtentry$$0000000A) for .ARM.Collect$$rtentry$$0000000A
    __rtentry2.o(.ARM.exidx) refers to __rtentry2.o(.ARM.Collect$$rtentry$$0000000B) for .ARM.Collect$$rtentry$$0000000B
    __rtentry2.o(.ARM.exidx) refers to __rtentry2.o(.ARM.Collect$$rtentry$$0000000D) for .ARM.Collect$$rtentry$$0000000D
    __rtentry4.o(.ARM.Collect$$rtentry$$00000004) refers to sys_stackheap_outer.o(.text) for __user_setup_stackheap
    __rtentry4.o(.ARM.exidx) refers to __rtentry4.o(.ARM.Collect$$rtentry$$00000004) for .ARM.Collect$$rtentry$$00000004
    sys_stackheap_outer.o(.text) refers to libspace.o(.text) for __user_perproc_libspace
    sys_stackheap_outer.o(.text) refers to startup_tm4c123.o(.text) for __user_initial_stackheap
    exit.o(.text) refers to rtexit.o(.ARM.Collect$$rtexit$$00000000) for __rt_exit
    libinit.o(.ARM.Collect$$libinit$$00000000) refers (Special) to libinit2.o(.ARM.Collect$$libinit$$0000002E) for __rt_lib_init_alloca_1
    libinit.o(.ARM.Collect$$libinit$$00000000) refers (Special) to libinit2.o(.ARM.Collect$$libinit$$0000002C) for __rt_lib_init_argv_1
    libinit.o(.ARM.Collect$$libinit$$00000000) refers (Special) to libinit2.o(.ARM.Collect$$libinit$$0000001B) for __rt_lib_init_atexit_1
    libinit.o(.ARM.Collect$$libinit$$00000000) refers (Special) to libinit2.o(.ARM.Collect$$libinit$$00000021) for __rt_lib_init_clock_1
    libinit.o(.ARM.Collect$$libinit$$00000000) refers (Special) to libinit2.o(.ARM.Collect$$libinit$$00000032) for __rt_lib_init_cpp_1
    libinit.o(.ARM.Collect$$libinit$$00000000) refers (Special) to libinit2.o(.ARM.Collect$$libinit$$00000030) for __rt_lib_init_exceptions_1
    libinit.o(.ARM.Collect$$libinit$$00000000) refers (Special) to libinit2.o(.ARM.Collect$$libinit$$00000001) for __rt_lib_init_fp_1
    libinit.o(.ARM.Collect$$libinit$$00000000) refers (Special) to libinit2.o(.ARM.Collect$$libinit$$0000001F) for __rt_lib_init_fp_trap_1
    libinit.o(.ARM.Collect$$libinit$$00000000) refers (Special) to libinit2.o(.ARM.Collect$$libinit$$00000023) for __rt_lib_init_getenv_1
    libinit.o(.ARM.Collect$$libinit$$00000000) refers (Special) to libinit2.o(.ARM.Collect$$libinit$$0000000A) for __rt_lib_init_heap_1
    libinit.o(.ARM.Collect$$libinit$$00000000) refers (Special) to libinit2.o(.ARM.Collect$$libinit$$00000011) for __rt_lib_init_lc_collate_1
    libinit.o(.ARM.Collect$$libinit$$00000000) refers (Special) to libinit2.o(.ARM.Collect$$libinit$$00000013) for __rt_lib_init_lc_ctype_1
    libinit.o(.ARM.Collect$$libinit$$00000000) refers (Special) to libinit2.o(.ARM.Collect$$libinit$$00000015) for __rt_lib_init_lc_monetary_1
    libinit.o(.ARM.Collect$$libinit$$00000000) refers (Special) to libinit2.o(.ARM.Collect$$libinit$$00000017) for __rt_lib_init_lc_numeric_1
    libinit.o(.ARM.Collect$$libinit$$00000000) refers (Special) to libinit2.o(.ARM.Collect$$libinit$$00000019) for __rt_lib_init_lc_time_1
    libinit.o(.ARM.Collect$$libinit$$00000000) refers (Special) to libinit2.o(.ARM.Collect$$libinit$$00000004) for __rt_lib_init_preinit_1
    libinit.o(.ARM.Collect$$libinit$$00000000) refers (Special) to libinit2.o(.ARM.Collect$$libinit$$0000000E) for __rt_lib_init_rand_1
    libinit.o(.ARM.Collect$$libinit$$00000000) refers (Special) to libinit2.o(.ARM.Collect$$libinit$$00000033) for __rt_lib_init_return
    libinit.o(.ARM.Collect$$libinit$$00000000) refers (Special) to libinit2.o(.ARM.Collect$$libinit$$0000001D) for __rt_lib_init_signal_1
    libinit.o(.ARM.Collect$$libinit$$00000000) refers (Special) to libinit2.o(.ARM.Collect$$libinit$$00000025) for __rt_lib_init_stdio_1
    libinit.o(.ARM.Collect$$libinit$$00000000) refers (Special) to libinit2.o(.ARM.Collect$$libinit$$0000000C) for __rt_lib_init_user_alloc_1
    libspace.o(.text) refers to libspace.o(.bss) for __libspace_start
    rtexit.o(.ARM.Collect$$rtexit$$00000000) refers (Special) to rtexit2.o(.ARM.Collect$$rtexit$$00000004) for __rt_exit_exit
    rtexit.o(.ARM.Collect$$rtexit$$00000000) refers (Special) to rtexit2.o(.ARM.Collect$$rtexit$$00000003) for __rt_exit_ls
    rtexit.o(.ARM.Collect$$rtexit$$00000000) refers (Special) to rtexit2.o(.ARM.Collect$$rtexit$$00000002) for __rt_exit_prels_1
    rtexit.o(.ARM.exidx) refers (Special) to rtexit2.o(.ARM.Collect$$rtexit$$00000004) for __rt_exit_exit
    rtexit.o(.ARM.exidx) refers (Special) to rtexit2.o(.ARM.Collect$$rtexit$$00000003) for __rt_exit_ls
    rtexit.o(.ARM.exidx) refers (Special) to rtexit2.o(.ARM.Collect$$rtexit$$00000002) for __rt_exit_prels_1
    rtexit.o(.ARM.exidx) refers to rtexit.o(.ARM.Collect$$rtexit$$00000000) for .ARM.Collect$$rtexit$$00000000
    libinit2.o(.ARM.Collect$$libinit$$00000001) refers to fpinit.o(x$fpl$fpinit) for _fp_init
    libinit2.o(.ARM.Collect$$libinit$$00000010) refers to libinit2.o(.ARM.Collect$$libinit$$0000000F) for .ARM.Collect$$libinit$$0000000F
    libinit2.o(.ARM.Collect$$libinit$$00000012) refers to libinit2.o(.ARM.Collect$$libinit$$0000000F) for .ARM.Collect$$libinit$$0000000F
    libinit2.o(.ARM.Collect$$libinit$$00000014) refers to libinit2.o(.ARM.Collect$$libinit$$0000000F) for .ARM.Collect$$libinit$$0000000F
    libinit2.o(.ARM.Collect$$libinit$$00000016) refers to libinit2.o(.ARM.Collect$$libinit$$0000000F) for .ARM.Collect$$libinit$$0000000F
    libinit2.o(.ARM.Collect$$libinit$$00000018) refers to libinit2.o(.ARM.Collect$$libinit$$0000000F) for .ARM.Collect$$libinit$$0000000F
    libinit2.o(.ARM.Collect$$libinit$$00000026) refers to argv_veneer.o(.emb_text) for __ARM_argv_veneer
    libinit2.o(.ARM.Collect$$libinit$$00000027) refers to argv_veneer.o(.emb_text) for __ARM_argv_veneer
    rtexit2.o(.ARM.Collect$$rtexit$$00000003) refers to libshutdown.o(.ARM.Collect$$libshutdown$$00000000) for __rt_lib_shutdown
    rtexit2.o(.ARM.Collect$$rtexit$$00000004) refers to sys_exit.o(.text) for _sys_exit
    rtexit2.o(.ARM.exidx) refers to rtexit2.o(.ARM.Collect$$rtexit$$00000001) for .ARM.Collect$$rtexit$$00000001
    rtexit2.o(.ARM.exidx) refers to rtexit2.o(.ARM.Collect$$rtexit$$00000003) for .ARM.Collect$$rtexit$$00000003
    rtexit2.o(.ARM.exidx) refers to rtexit2.o(.ARM.Collect$$rtexit$$00000004) for .ARM.Collect$$rtexit$$00000004
    argv_veneer.o(.emb_text) refers to no_argv.o(.text) for __ARM_get_argv
    sys_exit.o(.text) refers (Special) to use_no_semi.o(.text) for __I$use$semihosting
    sys_exit.o(.text) refers (Special) to indicate_semi.o(.text) for __semihosting_library_function
    _get_argv_nomalloc.o(.text) refers (Special) to hrguard.o(.text) for __heap_region$guard
    _get_argv_nomalloc.o(.text) refers to defsig_rtmem_outer.o(.text) for __rt_SIGRTMEM
    _get_argv_nomalloc.o(.text) refers to sys_command.o(.text) for _sys_command_string
    libshutdown.o(.ARM.Collect$$libshutdown$$00000000) refers (Special) to libshutdown2.o(.ARM.Collect$$libshutdown$$00000002) for __rt_lib_shutdown_cpp_1
    libshutdown.o(.ARM.Collect$$libshutdown$$00000000) refers (Special) to libshutdown2.o(.ARM.Collect$$libshutdown$$00000007) for __rt_lib_shutdown_fp_trap_1
    libshutdown.o(.ARM.Collect$$libshutdown$$00000000) refers (Special) to libshutdown2.o(.ARM.Collect$$libshutdown$$0000000F) for __rt_lib_shutdown_heap_1
    libshutdown.o(.ARM.Collect$$libshutdown$$00000000) refers (Special) to libshutdown2.o(.ARM.Collect$$libshutdown$$00000010) for __rt_lib_shutdown_return
    libshutdown.o(.ARM.Collect$$libshutdown$$00000000) refers (Special) to libshutdown2.o(.ARM.Collect$$libshutdown$$0000000A) for __rt_lib_shutdown_signal_1
    libshutdown.o(.ARM.Collect$$libshutdown$$00000000) refers (Special) to libshutdown2.o(.ARM.Collect$$libshutdown$$00000004) for __rt_lib_shutdown_stdio_1
    libshutdown.o(.ARM.Collect$$libshutdown$$00000000) refers (Special) to libshutdown2.o(.ARM.Collect$$libshutdown$$0000000C) for __rt_lib_shutdown_user_alloc_1
    sys_command.o(.text) refers (Special) to use_no_semi.o(.text) for __I$use$semihosting
    sys_command.o(.text) refers (Special) to indicate_semi.o(.text) for __semihosting_library_function
    defsig_rtmem_outer.o(.text) refers to defsig_rtmem_inner.o(.text) for __rt_SIGRTMEM_inner
    defsig_rtmem_outer.o(.text) refers to defsig_exit.o(.text) for __sig_exit
    defsig_rtmem_formal.o(.text) refers to rt_raise.o(.text) for __rt_raise
    rt_raise.o(.text) refers to __raise.o(.text) for __raise
    rt_raise.o(.text) refers to sys_exit.o(.text) for _sys_exit
    defsig_exit.o(.text) refers to sys_exit.o(.text) for _sys_exit
    defsig_rtmem_inner.o(.text) refers to defsig_general.o(.text) for __default_signal_display
    __raise.o(.text) refers to defsig.o(CL$$defsig) for __default_signal_handler
    defsig_general.o(.text) refers to sys_wrch.o(.text) for _ttywrch
    sys_wrch.o(.text) refers (Special) to use_no_semi.o(.text) for __I$use$semihosting
    sys_wrch.o(.text) refers (Special) to indicate_semi.o(.text) for __semihosting_library_function
    defsig.o(CL$$defsig) refers to defsig_rtmem_inner.o(.text) for __rt_SIGRTMEM_inner
    defsig_abrt_inner.o(.text) refers to defsig_general.o(.text) for __default_signal_display
    defsig_fpe_inner.o(.text) refers to defsig_general.o(.text) for __default_signal_display
    defsig_rtred_inner.o(.text) refers to defsig_general.o(.text) for __default_signal_display
    defsig_stak_inner.o(.text) refers to defsig_general.o(.text) for __default_signal_display
    defsig_pvfn_inner.o(.text) refers to defsig_general.o(.text) for __default_signal_display
    defsig_cppl_inner.o(.text) refers to defsig_general.o(.text) for __default_signal_display
    defsig_segv_inner.o(.text) refers to defsig_general.o(.text) for __default_signal_display
    defsig_other.o(.text) refers to defsig_general.o(.text) for __default_signal_display


==============================================================================

Removing Unused input sections from the image.

    Removing kernel.o(.rev16_text), (4 bytes).
    Removing kernel.o(.revsh_text), (4 bytes).
    Removing kernel.o(.rrx_text), (6 bytes).
    Removing kernel.o(i.kernel_create_task), (136 bytes).
    Removing kernel.o(i.kernel_delay), (40 bytes).
    Removing kernel.o(i.kernel_init_stack), (60 bytes).
    Removing kernel.o(i.kernel_yield_processor), (16 bytes).
    Removing main.o(.rev16_text), (4 bytes).
    Removing main.o(.revsh_text), (4 bytes).
    Removing main.o(.rrx_text), (6 bytes).
    Removing system_tm4c123.o(.rev16_text), (4 bytes).
    Removing system_tm4c123.o(.revsh_text), (4 bytes).
    Removing system_tm4c123.o(.rrx_text), (6 bytes).
    Removing system_tm4c123.o(i.SystemCoreClockUpdate), (196 bytes).
    Removing system_tm4c123.o(i.getOscClk), (244 bytes).

15 unused section(s) (total 734 bytes) removed from the image.

==============================================================================

Image Symbol Table

    Local Symbols

    Symbol Name                              Value     Ov Type        Size  Object(Section)

    RESET                                    0x00000000   Section      620  startup_tm4c123.o(RESET)
    ../clib/angel/boardlib.s                 0x00000000   Number         0  boardinit1.o ABSOLUTE
    ../clib/angel/boardlib.s                 0x00000000   Number         0  boardshut.o ABSOLUTE
    ../clib/angel/boardlib.s                 0x00000000   Number         0  boardinit3.o ABSOLUTE
    ../clib/angel/boardlib.s                 0x00000000   Number         0  boardinit2.o ABSOLUTE
    ../clib/angel/handlers.s                 0x00000000   Number         0  __scatter_zi.o ABSOLUTE
    ../clib/angel/handlers.s                 0x00000000   Number         0  __scatter_copy.o ABSOLUTE
    ../clib/angel/kernel.s                   0x00000000   Number         0  rtexit2.o ABSOLUTE
    ../clib/angel/kernel.s                   0x00000000   Number         0  __rtentry2.o ABSOLUTE
    ../clib/angel/kernel.s                   0x00000000   Number         0  __rtentry.o ABSOLUTE
    ../clib/angel/kernel.s                   0x00000000   Number         0  __rtentry4.o ABSOLUTE
    ../clib/angel/kernel.s                   0x00000000   Number         0  rtexit.o ABSOLUTE
    ../clib/angel/rt.s                       0x00000000   Number         0  rt_raise.o ABSOLUTE
    ../clib/angel/scatter.s                  0x00000000   Number         0  __scatter.o ABSOLUTE
    ../clib/angel/startup.s                  0x00000000   Number         0  __main.o ABSOLUTE
    ../clib/angel/sys.s                      0x00000000   Number         0  use_no_semi.o ABSOLUTE
    ../clib/angel/sys.s                      0x00000000   Number         0  sys_stackheap_outer.o ABSOLUTE
    ../clib/angel/sys.s                      0x00000000   Number         0  indicate_semi.o ABSOLUTE
    ../clib/angel/sys.s                      0x00000000   Number         0  libspace.o ABSOLUTE
    ../clib/angel/sysapp.c                   0x00000000   Number         0  sys_wrch.o ABSOLUTE
    ../clib/angel/sysapp.c                   0x00000000   Number         0  sys_exit.o ABSOLUTE
    ../clib/angel/sysapp.c                   0x00000000   Number         0  sys_command.o ABSOLUTE
    ../clib/armsys.c                         0x00000000   Number         0  argv_veneer.o ABSOLUTE
    ../clib/armsys.c                         0x00000000   Number         0  argv_veneer.o ABSOLUTE
    ../clib/armsys.c                         0x00000000   Number         0  no_argv.o ABSOLUTE
    ../clib/armsys.c                         0x00000000   Number         0  _get_argv_nomalloc.o ABSOLUTE
    ../clib/heapalloc.c                      0x00000000   Number         0  hrguard.o ABSOLUTE
    ../clib/heapaux.c                        0x00000000   Number         0  heapauxi.o ABSOLUTE
    ../clib/libinit.s                        0x00000000   Number         0  libinit2.o ABSOLUTE
    ../clib/libinit.s                        0x00000000   Number         0  libinit.o ABSOLUTE
    ../clib/libinit.s                        0x00000000   Number         0  libshutdown2.o ABSOLUTE
    ../clib/libinit.s                        0x00000000   Number         0  libshutdown.o ABSOLUTE
    ../clib/signal.c                         0x00000000   Number         0  defsig_rtmem_outer.o ABSOLUTE
    ../clib/signal.c                         0x00000000   Number         0  defsig_cppl_inner.o ABSOLUTE
    ../clib/signal.c                         0x00000000   Number         0  defsig_segv_inner.o ABSOLUTE
    ../clib/signal.c                         0x00000000   Number         0  defsig_other.o ABSOLUTE
    ../clib/signal.c                         0x00000000   Number         0  defsig_general.o ABSOLUTE
    ../clib/signal.c                         0x00000000   Number         0  defsig_rtmem_inner.o ABSOLUTE
    ../clib/signal.c                         0x00000000   Number         0  defsig_exit.o ABSOLUTE
    ../clib/signal.c                         0x00000000   Number         0  defsig_fpe_inner.o ABSOLUTE
    ../clib/signal.c                         0x00000000   Number         0  defsig_rtred_inner.o ABSOLUTE
    ../clib/signal.c                         0x00000000   Number         0  defsig_stak_inner.o ABSOLUTE
    ../clib/signal.c                         0x00000000   Number         0  defsig_abrt_inner.o ABSOLUTE
    ../clib/signal.c                         0x00000000   Number         0  defsig_pvfn_inner.o ABSOLUTE
    ../clib/signal.c                         0x00000000   Number         0  defsig_rtmem_formal.o ABSOLUTE
    ../clib/signal.c                         0x00000000   Number         0  __raise.o ABSOLUTE
    ../clib/signal.s                         0x00000000   Number         0  defsig.o ABSOLUTE
    ../clib/stdlib.c                         0x00000000   Number         0  exit.o ABSOLUTE
    ../fplib/fpinit.s                        0x00000000   Number         0  fpinit.o ABSOLUTE
    RTE\Device\TM4C123GH6PM\startup_TM4C123.s 0x00000000   Number         0  startup_tm4c123.o ABSOLUTE
    RTE\Device\TM4C123GH6PM\system_TM4C123.c 0x00000000   Number         0  system_tm4c123.o ABSOLUTE
    RTE\\Device\\TM4C123GH6PM\\system_TM4C123.c 0x00000000   Number         0  system_tm4c123.o ABSOLUTE
    dc.s                                     0x00000000   Number         0  dc.o ABSOLUTE
    kernel.c                                 0x00000000   Number         0  kernel.o ABSOLUTE
    kernel.c                                 0x00000000   Number         0  kernel.o ABSOLUTE
    kernel.s                                 0x00000000   Number         0  kernel_1.o ABSOLUTE
    main.c                                   0x00000000   Number         0  main.o ABSOLUTE
    main.c                                   0x00000000   Number         0  main.o ABSOLUTE
     .text                                   0x0000026c   Section       80  kernel_1.o( .text)
    $v0                                      0x0000026c   Number         0  kernel_1.o( .text)
    !!!main                                  0x000002bc   Section        8  __main.o(!!!main)
    !!!scatter                               0x000002c4   Section       52  __scatter.o(!!!scatter)
    !!handler_copy                           0x000002f8   Section       26  __scatter_copy.o(!!handler_copy)
    !!handler_zi                             0x00000314   Section       28  __scatter_zi.o(!!handler_zi)
    .ARM.Collect$$libinit$$00000000          0x00000330   Section        2  libinit.o(.ARM.Collect$$libinit$$00000000)
    .ARM.Collect$$libinit$$00000001          0x00000332   Section        4  libinit2.o(.ARM.Collect$$libinit$$00000001)
    .ARM.Collect$$libinit$$00000004          0x00000336   Section        0  libinit2.o(.ARM.Collect$$libinit$$00000004)
    .ARM.Collect$$libinit$$0000000A          0x00000336   Section        0  libinit2.o(.ARM.Collect$$libinit$$0000000A)
    .ARM.Collect$$libinit$$0000000C          0x00000336   Section        0  libinit2.o(.ARM.Collect$$libinit$$0000000C)
    .ARM.Collect$$libinit$$0000000E          0x00000336   Section        0  libinit2.o(.ARM.Collect$$libinit$$0000000E)
    .ARM.Collect$$libinit$$00000011          0x00000336   Section        0  libinit2.o(.ARM.Collect$$libinit$$00000011)
    .ARM.Collect$$libinit$$00000013          0x00000336   Section        0  libinit2.o(.ARM.Collect$$libinit$$00000013)
    .ARM.Collect$$libinit$$00000015          0x00000336   Section        0  libinit2.o(.ARM.Collect$$libinit$$00000015)
    .ARM.Collect$$libinit$$00000017          0x00000336   Section        0  libinit2.o(.ARM.Collect$$libinit$$00000017)
    .ARM.Collect$$libinit$$00000019          0x00000336   Section        0  libinit2.o(.ARM.Collect$$libinit$$00000019)
    .ARM.Collect$$libinit$$0000001B          0x00000336   Section        0  libinit2.o(.ARM.Collect$$libinit$$0000001B)
    .ARM.Collect$$libinit$$0000001D          0x00000336   Section        0  libinit2.o(.ARM.Collect$$libinit$$0000001D)
    .ARM.Collect$$libinit$$0000001F          0x00000336   Section        0  libinit2.o(.ARM.Collect$$libinit$$0000001F)
    .ARM.Collect$$libinit$$00000021          0x00000336   Section        0  libinit2.o(.ARM.Collect$$libinit$$00000021)
    .ARM.Collect$$libinit$$00000023          0x00000336   Section        0  libinit2.o(.ARM.Collect$$libinit$$00000023)
    .ARM.Collect$$libinit$$00000025          0x00000336   Section        0  libinit2.o(.ARM.Collect$$libinit$$00000025)
    .ARM.Collect$$libinit$$0000002C          0x00000336   Section        0  libinit2.o(.ARM.Collect$$libinit$$0000002C)
    .ARM.Collect$$libinit$$0000002E          0x00000336   Section        0  libinit2.o(.ARM.Collect$$libinit$$0000002E)
    .ARM.Collect$$libinit$$00000030          0x00000336   Section        0  libinit2.o(.ARM.Collect$$libinit$$00000030)
    .ARM.Collect$$libinit$$00000032          0x00000336   Section        0  libinit2.o(.ARM.Collect$$libinit$$00000032)
    .ARM.Collect$$libinit$$00000033          0x00000336   Section        2  libinit2.o(.ARM.Collect$$libinit$$00000033)
    .ARM.Collect$$libshutdown$$00000000      0x00000338   Section        2  libshutdown.o(.ARM.Collect$$libshutdown$$00000000)
    .ARM.Collect$$libshutdown$$00000002      0x0000033a   Section        0  libshutdown2.o(.ARM.Collect$$libshutdown$$00000002)
    .ARM.Collect$$libshutdown$$00000004      0x0000033a   Section        0  libshutdown2.o(.ARM.Collect$$libshutdown$$00000004)
    .ARM.Collect$$libshutdown$$00000007      0x0000033a   Section        0  libshutdown2.o(.ARM.Collect$$libshutdown$$00000007)
    .ARM.Collect$$libshutdown$$0000000A      0x0000033a   Section        0  libshutdown2.o(.ARM.Collect$$libshutdown$$0000000A)
    .ARM.Collect$$libshutdown$$0000000C      0x0000033a   Section        0  libshutdown2.o(.ARM.Collect$$libshutdown$$0000000C)
    .ARM.Collect$$libshutdown$$0000000F      0x0000033a   Section        0  libshutdown2.o(.ARM.Collect$$libshutdown$$0000000F)
    .ARM.Collect$$libshutdown$$00000010      0x0000033a   Section        2  libshutdown2.o(.ARM.Collect$$libshutdown$$00000010)
    .ARM.Collect$$rtentry$$00000000          0x0000033c   Section        0  __rtentry.o(.ARM.Collect$$rtentry$$00000000)
    .ARM.Collect$$rtentry$$00000002          0x0000033c   Section        0  __rtentry2.o(.ARM.Collect$$rtentry$$00000002)
    .ARM.Collect$$rtentry$$00000004          0x0000033c   Section        6  __rtentry4.o(.ARM.Collect$$rtentry$$00000004)
    .ARM.Collect$$rtentry$$00000009          0x00000342   Section        0  __rtentry2.o(.ARM.Collect$$rtentry$$00000009)
    .ARM.Collect$$rtentry$$0000000A          0x00000342   Section        4  __rtentry2.o(.ARM.Collect$$rtentry$$0000000A)
    .ARM.Collect$$rtentry$$0000000C          0x00000346   Section        0  __rtentry2.o(.ARM.Collect$$rtentry$$0000000C)
    .ARM.Collect$$rtentry$$0000000D          0x00000346   Section        8  __rtentry2.o(.ARM.Collect$$rtentry$$0000000D)
    .ARM.Collect$$rtexit$$00000000           0x0000034e   Section        2  rtexit.o(.ARM.Collect$$rtexit$$00000000)
    .ARM.Collect$$rtexit$$00000002           0x00000350   Section        0  rtexit2.o(.ARM.Collect$$rtexit$$00000002)
    .ARM.Collect$$rtexit$$00000003           0x00000350   Section        4  rtexit2.o(.ARM.Collect$$rtexit$$00000003)
    .ARM.Collect$$rtexit$$00000004           0x00000354   Section        6  rtexit2.o(.ARM.Collect$$rtexit$$00000004)
    .text                                    0x0000035c   Section      276  startup_tm4c123.o(.text)
    $v0                                      0x0000035c   Number         0  startup_tm4c123.o(.text)
    .text                                    0x00000470   Section        0  heapauxi.o(.text)
    .text                                    0x00000476   Section       74  sys_stackheap_outer.o(.text)
    .text                                    0x000004c0   Section        0  exit.o(.text)
    .text                                    0x000004d4   Section        8  libspace.o(.text)
    .text                                    0x000004dc   Section        0  sys_exit.o(.text)
    .text                                    0x000004e8   Section        2  use_no_semi.o(.text)
    .text                                    0x000004ea   Section        0  indicate_semi.o(.text)
    i.OS_sched                               0x000004ec   Section        0  kernel.o(i.OS_sched)
    i.SysTick_Handler                        0x00000520   Section        0  kernel.o(i.SysTick_Handler)
    i.SystemInit                             0x0000053c   Section        0  system_tm4c123.o(i.SystemInit)
    i.Task0                                  0x000005d4   Section        0  main.o(i.Task0)
    i.Task1                                  0x000005e8   Section        0  main.o(i.Task1)
    i.Task2                                  0x000005fc   Section        0  main.o(i.Task2)
    i.Task3                                  0x00000610   Section        0  main.o(i.Task3)
    i.init_kernel                            0x00000624   Section        0  kernel.o(i.init_kernel)
    i.kernel_add_thread                      0x0000064c   Section        0  kernel.o(i.kernel_add_thread)
    i.launch_kernel                          0x000006bc   Section        0  kernel.o(i.launch_kernel)
    i.main                                   0x000006fc   Section        0  main.o(i.main)
    x$fpl$fpinit                             0x00000780   Section       10  fpinit.o(x$fpl$fpinit)
    $v0                                      0x00000780   Number         0  fpinit.o(x$fpl$fpinit)
    .data                                    0x20000000   Section       24  kernel.o(.data)
    thread_num                               0x2000000c   Data           4  kernel.o(.data)
    .data                                    0x20000018   Section       16  main.o(.data)
    .data                                    0x20000028   Section        4  system_tm4c123.o(.data)
    .bss                                     0x2000002c   Section     1264  kernel.o(.bss)
    .bss                                     0x2000051c   Section       96  libspace.o(.bss)
    HEAP                                     0x20000580   Section        0  startup_tm4c123.o(HEAP)
    STACK                                    0x20000580   Section      512  startup_tm4c123.o(STACK)
    Heap_Mem                                 0x20000580   Data           0  startup_tm4c123.o(HEAP)
    Stack_Mem                                0x20000580   Data         512  startup_tm4c123.o(STACK)
    __initial_sp                             0x20000780   Data           0  startup_tm4c123.o(STACK)

    Global Symbols

    Symbol Name                              Value     Ov Type        Size  Object(Section)

    BuildAttributes$$THM_ISAv4$E$P$D$K$B$S$7EM$VFPi3$EXTD16$VFPS$VFMA$PE$A:L22UL41UL21$X:L11$S22US41US21$IEEE1$IW$USESV6$~STKCKD$USESV7$~SHL$OSPACE$ROPI$EBA8$UX$STANDARDLIB$REQ8$EABIv2 0x00000000   Number         0  anon$$obj.o ABSOLUTE
    __ARM_use_no_argv                        0x00000000   Number         0  main.o ABSOLUTE
    __Vectors                                0x00000000   Data           4  startup_tm4c123.o(RESET)
    __ARM_exceptions_init                     - Undefined Weak Reference
    __alloca_initialize                       - Undefined Weak Reference
    __arm_preinit_                            - Undefined Weak Reference
    __cpp_initialize__aeabi_                  - Undefined Weak Reference
    __cxa_finalize                            - Undefined Weak Reference
    __rt_locale                               - Undefined Weak Reference
    __sigvec_lookup                           - Undefined Weak Reference
    _atexit_init                              - Undefined Weak Reference
    _call_atexit_fns                          - Undefined Weak Reference
    _clock_init                               - Undefined Weak Reference
    _fp_trap_init                             - Undefined Weak Reference
    _fp_trap_shutdown                         - Undefined Weak Reference
    _get_lc_collate                           - Undefined Weak Reference
    _get_lc_ctype                             - Undefined Weak Reference
    _get_lc_monetary                          - Undefined Weak Reference
    _get_lc_numeric                           - Undefined Weak Reference
    _get_lc_time                              - Undefined Weak Reference
    _getenv_init                              - Undefined Weak Reference
    _handle_redirection                       - Undefined Weak Reference
    _init_alloc                               - Undefined Weak Reference
    _init_user_alloc                          - Undefined Weak Reference
    _initio                                   - Undefined Weak Reference
    _rand_init                                - Undefined Weak Reference
    _signal_finish                            - Undefined Weak Reference
    _signal_init                              - Undefined Weak Reference
    _terminate_alloc                          - Undefined Weak Reference
    _terminate_user_alloc                     - Undefined Weak Reference
    _terminateio                              - Undefined Weak Reference
    PendSV_Handler                           0x0000026d   Thumb Code     0  kernel_1.o( .text)
    __Vectors_End                            0x0000026c   Data           0  startup_tm4c123.o(RESET)
    __Vectors_Size                           0x0000026c   Number         0  startup_tm4c123.o ABSOLUTE
    Kernel_Launch_scheduler                  0x00000295   Thumb Code     0  kernel_1.o( .text)
    __main                                   0x000002bd   Thumb Code     8  __main.o(!!!main)
    __scatterload                            0x000002c5   Thumb Code     0  __scatter.o(!!!scatter)
    __scatterload_rt2                        0x000002c5   Thumb Code    44  __scatter.o(!!!scatter)
    __scatterload_rt2_thumb_only             0x000002c5   Thumb Code     0  __scatter.o(!!!scatter)
    __scatterload_null                       0x000002d3   Thumb Code     0  __scatter.o(!!!scatter)
    __scatterload_copy                       0x000002f9   Thumb Code    26  __scatter_copy.o(!!handler_copy)
    __scatterload_zeroinit                   0x00000315   Thumb Code    28  __scatter_zi.o(!!handler_zi)
    __rt_lib_init                            0x00000331   Thumb Code     0  libinit.o(.ARM.Collect$$libinit$$00000000)
    __rt_lib_init_fp_1                       0x00000333   Thumb Code     0  libinit2.o(.ARM.Collect$$libinit$$00000001)
    __rt_lib_init_alloca_1                   0x00000337   Thumb Code     0  libinit2.o(.ARM.Collect$$libinit$$0000002E)
    __rt_lib_init_argv_1                     0x00000337   Thumb Code     0  libinit2.o(.ARM.Collect$$libinit$$0000002C)
    __rt_lib_init_atexit_1                   0x00000337   Thumb Code     0  libinit2.o(.ARM.Collect$$libinit$$0000001B)
    __rt_lib_init_clock_1                    0x00000337   Thumb Code     0  libinit2.o(.ARM.Collect$$libinit$$00000021)
    __rt_lib_init_cpp_1                      0x00000337   Thumb Code     0  libinit2.o(.ARM.Collect$$libinit$$00000032)
    __rt_lib_init_exceptions_1               0x00000337   Thumb Code     0  libinit2.o(.ARM.Collect$$libinit$$00000030)
    __rt_lib_init_fp_trap_1                  0x00000337   Thumb Code     0  libinit2.o(.ARM.Collect$$libinit$$0000001F)
    __rt_lib_init_getenv_1                   0x00000337   Thumb Code     0  libinit2.o(.ARM.Collect$$libinit$$00000023)
    __rt_lib_init_heap_1                     0x00000337   Thumb Code     0  libinit2.o(.ARM.Collect$$libinit$$0000000A)
    __rt_lib_init_lc_collate_1               0x00000337   Thumb Code     0  libinit2.o(.ARM.Collect$$libinit$$00000011)
    __rt_lib_init_lc_ctype_1                 0x00000337   Thumb Code     0  libinit2.o(.ARM.Collect$$libinit$$00000013)
    __rt_lib_init_lc_monetary_1              0x00000337   Thumb Code     0  libinit2.o(.ARM.Collect$$libinit$$00000015)
    __rt_lib_init_lc_numeric_1               0x00000337   Thumb Code     0  libinit2.o(.ARM.Collect$$libinit$$00000017)
    __rt_lib_init_lc_time_1                  0x00000337   Thumb Code     0  libinit2.o(.ARM.Collect$$libinit$$00000019)
    __rt_lib_init_preinit_1                  0x00000337   Thumb Code     0  libinit2.o(.ARM.Collect$$libinit$$00000004)
    __rt_lib_init_rand_1                     0x00000337   Thumb Code     0  libinit2.o(.ARM.Collect$$libinit$$0000000E)
    __rt_lib_init_return                     0x00000337   Thumb Code     0  libinit2.o(.ARM.Collect$$libinit$$00000033)
    __rt_lib_init_signal_1                   0x00000337   Thumb Code     0  libinit2.o(.ARM.Collect$$libinit$$0000001D)
    __rt_lib_init_stdio_1                    0x00000337   Thumb Code     0  libinit2.o(.ARM.Collect$$libinit$$00000025)
    __rt_lib_init_user_alloc_1               0x00000337   Thumb Code     0  libinit2.o(.ARM.Collect$$libinit$$0000000C)
    __rt_lib_shutdown                        0x00000339   Thumb Code     0  libshutdown.o(.ARM.Collect$$libshutdown$$00000000)
    __rt_lib_shutdown_cpp_1                  0x0000033b   Thumb Code     0  libshutdown2.o(.ARM.Collect$$libshutdown$$00000002)
    __rt_lib_shutdown_fp_trap_1              0x0000033b   Thumb Code     0  libshutdown2.o(.ARM.Collect$$libshutdown$$00000007)
    __rt_lib_shutdown_heap_1                 0x0000033b   Thumb Code     0  libshutdown2.o(.ARM.Collect$$libshutdown$$0000000F)
    __rt_lib_shutdown_return                 0x0000033b   Thumb Code     0  libshutdown2.o(.ARM.Collect$$libshutdown$$00000010)
    __rt_lib_shutdown_signal_1               0x0000033b   Thumb Code     0  libshutdown2.o(.ARM.Collect$$libshutdown$$0000000A)
    __rt_lib_shutdown_stdio_1                0x0000033b   Thumb Code     0  libshutdown2.o(.ARM.Collect$$libshutdown$$00000004)
    __rt_lib_shutdown_user_alloc_1           0x0000033b   Thumb Code     0  libshutdown2.o(.ARM.Collect$$libshutdown$$0000000C)
    __rt_entry                               0x0000033d   Thumb Code     0  __rtentry.o(.ARM.Collect$$rtentry$$00000000)
    __rt_entry_presh_1                       0x0000033d   Thumb Code     0  __rtentry2.o(.ARM.Collect$$rtentry$$00000002)
    __rt_entry_sh                            0x0000033d   Thumb Code     0  __rtentry4.o(.ARM.Collect$$rtentry$$00000004)
    __rt_entry_li                            0x00000343   Thumb Code     0  __rtentry2.o(.ARM.Collect$$rtentry$$0000000A)
    __rt_entry_postsh_1                      0x00000343   Thumb Code     0  __rtentry2.o(.ARM.Collect$$rtentry$$00000009)
    __rt_entry_main                          0x00000347   Thumb Code     0  __rtentry2.o(.ARM.Collect$$rtentry$$0000000D)
    __rt_entry_postli_1                      0x00000347   Thumb Code     0  __rtentry2.o(.ARM.Collect$$rtentry$$0000000C)
    __rt_exit                                0x0000034f   Thumb Code     0  rtexit.o(.ARM.Collect$$rtexit$$00000000)
    __rt_exit_ls                             0x00000351   Thumb Code     0  rtexit2.o(.ARM.Collect$$rtexit$$00000003)
    __rt_exit_prels_1                        0x00000351   Thumb Code     0  rtexit2.o(.ARM.Collect$$rtexit$$00000002)
    __rt_exit_exit                           0x00000355   Thumb Code     0  rtexit2.o(.ARM.Collect$$rtexit$$00000004)
    Reset_Handler                            0x0000035d   Thumb Code     8  startup_tm4c123.o(.text)
    NMI_Handler                              0x00000365   Thumb Code     2  startup_tm4c123.o(.text)
    HardFault_Handler                        0x00000367   Thumb Code     2  startup_tm4c123.o(.text)
    MemManage_Handler                        0x00000369   Thumb Code     2  startup_tm4c123.o(.text)
    BusFault_Handler                         0x0000036b   Thumb Code     2  startup_tm4c123.o(.text)
    UsageFault_Handler                       0x0000036d   Thumb Code     2  startup_tm4c123.o(.text)
    SVC_Handler                              0x0000036f   Thumb Code     2  startup_tm4c123.o(.text)
    DebugMon_Handler                         0x00000371   Thumb Code     2  startup_tm4c123.o(.text)
    GPIOA_Handler                            0x00000377   Thumb Code     2  startup_tm4c123.o(.text)
    GPIOB_Handler                            0x00000379   Thumb Code     2  startup_tm4c123.o(.text)
    GPIOC_Handler                            0x0000037b   Thumb Code     2  startup_tm4c123.o(.text)
    GPIOD_Handler                            0x0000037d   Thumb Code     2  startup_tm4c123.o(.text)
    GPIOE_Handler                            0x0000037f   Thumb Code     2  startup_tm4c123.o(.text)
    UART0_Handler                            0x00000381   Thumb Code     2  startup_tm4c123.o(.text)
    UART1_Handler                            0x00000383   Thumb Code     2  startup_tm4c123.o(.text)
    SSI0_Handler                             0x00000385   Thumb Code     2  startup_tm4c123.o(.text)
    I2C0_Handler                             0x00000387   Thumb Code     2  startup_tm4c123.o(.text)
    PMW0_FAULT_Handler                       0x00000389   Thumb Code     2  startup_tm4c123.o(.text)
    PWM0_0_Handler                           0x0000038b   Thumb Code     2  startup_tm4c123.o(.text)
    PWM0_1_Handler                           0x0000038d   Thumb Code     2  startup_tm4c123.o(.text)
    PWM0_2_Handler                           0x0000038f   Thumb Code     2  startup_tm4c123.o(.text)
    QEI0_Handler                             0x00000391   Thumb Code     2  startup_tm4c123.o(.text)
    ADC0SS0_Handler                          0x00000393   Thumb Code     2  startup_tm4c123.o(.text)
    ADC0SS1_Handler                          0x00000395   Thumb Code     2  startup_tm4c123.o(.text)
    ADC0SS2_Handler                          0x00000397   Thumb Code     2  startup_tm4c123.o(.text)
    ADC0SS3_Handler                          0x00000399   Thumb Code     2  startup_tm4c123.o(.text)
    WDT0_Handler                             0x0000039b   Thumb Code     2  startup_tm4c123.o(.text)
    TIMER0A_Handler                          0x0000039d   Thumb Code     2  startup_tm4c123.o(.text)
    TIMER0B_Handler                          0x0000039f   Thumb Code     2  startup_tm4c123.o(.text)
    TIMER1A_Handler                          0x000003a1   Thumb Code     2  startup_tm4c123.o(.text)
    TIMER1B_Handler                          0x000003a3   Thumb Code     2  startup_tm4c123.o(.text)
    TIMER2A_Handler                          0x000003a5   Thumb Code     2  startup_tm4c123.o(.text)
    TIMER2B_Handler                          0x000003a7   Thumb Code     2  startup_tm4c123.o(.text)
    COMP0_Handler                            0x000003a9   Thumb Code     2  startup_tm4c123.o(.text)
    COMP1_Handler                            0x000003ab   Thumb Code     2  startup_tm4c123.o(.text)
    COMP2_Handler                            0x000003ad   Thumb Code     2  startup_tm4c123.o(.text)
    SYSCTL_Handler                           0x000003af   Thumb Code     2  startup_tm4c123.o(.text)
    FLASH_Handler                            0x000003b1   Thumb Code     2  startup_tm4c123.o(.text)
    GPIOF_Handler                            0x000003b3   Thumb Code     2  startup_tm4c123.o(.text)
    GPIOG_Handler                            0x000003b5   Thumb Code     2  startup_tm4c123.o(.text)
    GPIOH_Handler                            0x000003b7   Thumb Code     2  startup_tm4c123.o(.text)
    UART2_Handler                            0x000003b9   Thumb Code     2  startup_tm4c123.o(.text)
    SSI1_Handler                             0x000003bb   Thumb Code     2  startup_tm4c123.o(.text)
    TIMER3A_Handler                          0x000003bd   Thumb Code     2  startup_tm4c123.o(.text)
    TIMER3B_Handler                          0x000003bf   Thumb Code     2  startup_tm4c123.o(.text)
    I2C1_Handler                             0x000003c1   Thumb Code     2  startup_tm4c123.o(.text)
    QEI1_Handler                             0x000003c3   Thumb Code     2  startup_tm4c123.o(.text)
    CAN0_Handler                             0x000003c5   Thumb Code     2  startup_tm4c123.o(.text)
    CAN1_Handler                             0x000003c7   Thumb Code     2  startup_tm4c123.o(.text)
    CAN2_Handler                             0x000003c9   Thumb Code     2  startup_tm4c123.o(.text)
    HIB_Handler                              0x000003cb   Thumb Code     2  startup_tm4c123.o(.text)
    USB0_Handler                             0x000003cd   Thumb Code     2  startup_tm4c123.o(.text)
    PWM0_3_Handler                           0x000003cf   Thumb Code     2  startup_tm4c123.o(.text)
    UDMA_Handler                             0x000003d1   Thumb Code     2  startup_tm4c123.o(.text)
    UDMAERR_Handler                          0x000003d3   Thumb Code     2  startup_tm4c123.o(.text)
    ADC1SS0_Handler                          0x000003d5   Thumb Code     2  startup_tm4c123.o(.text)
    ADC1SS1_Handler                          0x000003d7   Thumb Code     2  startup_tm4c123.o(.text)
    ADC1SS2_Handler                          0x000003d9   Thumb Code     2  startup_tm4c123.o(.text)
    ADC1SS3_Handler                          0x000003db   Thumb Code     2  startup_tm4c123.o(.text)
    GPIOJ_Handler                            0x000003dd   Thumb Code     2  startup_tm4c123.o(.text)
    GPIOK_Handler                            0x000003df   Thumb Code     2  startup_tm4c123.o(.text)
    GPIOL_Handler                            0x000003e1   Thumb Code     2  startup_tm4c123.o(.text)
    SSI2_Handler                             0x000003e3   Thumb Code     2  startup_tm4c123.o(.text)
    SSI3_Handler                             0x000003e5   Thumb Code     2  startup_tm4c123.o(.text)
    UART3_Handler                            0x000003e7   Thumb Code     2  startup_tm4c123.o(.text)
    UART4_Handler                            0x000003e9   Thumb Code     2  startup_tm4c123.o(.text)
    UART5_Handler                            0x000003eb   Thumb Code     2  startup_tm4c123.o(.text)
    UART6_Handler                            0x000003ed   Thumb Code     2  startup_tm4c123.o(.text)
    UART7_Handler                            0x000003ef   Thumb Code     2  startup_tm4c123.o(.text)
    I2C2_Handler                             0x000003f1   Thumb Code     2  startup_tm4c123.o(.text)
    I2C3_Handler                             0x000003f3   Thumb Code     2  startup_tm4c123.o(.text)
    TIMER4A_Handler                          0x000003f5   Thumb Code     2  startup_tm4c123.o(.text)
    TIMER4B_Handler                          0x000003f7   Thumb Code     2  startup_tm4c123.o(.text)
    TIMER5A_Handler                          0x000003f9   Thumb Code     2  startup_tm4c123.o(.text)
    TIMER5B_Handler                          0x000003fb   Thumb Code     2  startup_tm4c123.o(.text)
    WTIMER0A_Handler                         0x000003fd   Thumb Code     2  startup_tm4c123.o(.text)
    WTIMER0B_Handler                         0x000003ff   Thumb Code     2  startup_tm4c123.o(.text)
    WTIMER1A_Handler                         0x00000401   Thumb Code     2  startup_tm4c123.o(.text)
    WTIMER1B_Handler                         0x00000403   Thumb Code     2  startup_tm4c123.o(.text)
    WTIMER2A_Handler                         0x00000405   Thumb Code     2  startup_tm4c123.o(.text)
    WTIMER2B_Handler                         0x00000407   Thumb Code     2  startup_tm4c123.o(.text)
    WTIMER3A_Handler                         0x00000409   Thumb Code     2  startup_tm4c123.o(.text)
    WTIMER3B_Handler                         0x0000040b   Thumb Code     2  startup_tm4c123.o(.text)
    WTIMER4A_Handler                         0x0000040d   Thumb Code     2  startup_tm4c123.o(.text)
    WTIMER4B_Handler                         0x0000040f   Thumb Code     2  startup_tm4c123.o(.text)
    WTIMER5A_Handler                         0x00000411   Thumb Code     2  startup_tm4c123.o(.text)
    WTIMER5B_Handler                         0x00000413   Thumb Code     2  startup_tm4c123.o(.text)
    FPU_Handler                              0x00000415   Thumb Code     2  startup_tm4c123.o(.text)
    I2C4_Handler                             0x00000417   Thumb Code     2  startup_tm4c123.o(.text)
    I2C5_Handler                             0x00000419   Thumb Code     2  startup_tm4c123.o(.text)
    GPIOM_Handler                            0x0000041b   Thumb Code     2  startup_tm4c123.o(.text)
    GPION_Handler                            0x0000041d   Thumb Code     2  startup_tm4c123.o(.text)
    QEI2_Handler                             0x0000041f   Thumb Code     2  startup_tm4c123.o(.text)
    GPIOP0_Handler                           0x00000421   Thumb Code     2  startup_tm4c123.o(.text)
    GPIOP1_Handler                           0x00000423   Thumb Code     2  startup_tm4c123.o(.text)
    GPIOP2_Handler                           0x00000425   Thumb Code     2  startup_tm4c123.o(.text)
    GPIOP3_Handler                           0x00000427   Thumb Code     2  startup_tm4c123.o(.text)
    GPIOP4_Handler                           0x00000429   Thumb Code     2  startup_tm4c123.o(.text)
    GPIOP5_Handler                           0x0000042b   Thumb Code     2  startup_tm4c123.o(.text)
    GPIOP6_Handler                           0x0000042d   Thumb Code     2  startup_tm4c123.o(.text)
    GPIOP7_Handler                           0x0000042f   Thumb Code     2  startup_tm4c123.o(.text)
    GPIOQ0_Handler                           0x00000431   Thumb Code     2  startup_tm4c123.o(.text)
    GPIOQ1_Handler                           0x00000433   Thumb Code     2  startup_tm4c123.o(.text)
    GPIOQ2_Handler                           0x00000435   Thumb Code     2  startup_tm4c123.o(.text)
    GPIOQ3_Handler                           0x00000437   Thumb Code     2  startup_tm4c123.o(.text)
    GPIOQ4_Handler                           0x00000439   Thumb Code     2  startup_tm4c123.o(.text)
    GPIOQ5_Handler                           0x0000043b   Thumb Code     2  startup_tm4c123.o(.text)
    GPIOQ6_Handler                           0x0000043d   Thumb Code     2  startup_tm4c123.o(.text)
    GPIOQ7_Handler                           0x0000043f   Thumb Code     2  startup_tm4c123.o(.text)
    GPIOR_Handler                            0x00000441   Thumb Code     2  startup_tm4c123.o(.text)
    GPIOS_Handler                            0x00000443   Thumb Code     2  startup_tm4c123.o(.text)
    PMW1_0_Handler                           0x00000445   Thumb Code     2  startup_tm4c123.o(.text)
    PWM1_1_Handler                           0x00000447   Thumb Code     2  startup_tm4c123.o(.text)
    PWM1_2_Handler                           0x00000449   Thumb Code     2  startup_tm4c123.o(.text)
    PWM1_3_Handler                           0x0000044b   Thumb Code     2  startup_tm4c123.o(.text)
    PWM1_FAULT_Handler                       0x0000044d   Thumb Code     2  startup_tm4c123.o(.text)
    __user_initial_stackheap                 0x00000451   Thumb Code     0  startup_tm4c123.o(.text)
    __use_two_region_memory                  0x00000471   Thumb Code     2  heapauxi.o(.text)
    __rt_heap_escrow$2region                 0x00000473   Thumb Code     2  heapauxi.o(.text)
    __rt_heap_expand$2region                 0x00000475   Thumb Code     2  heapauxi.o(.text)
    __user_setup_stackheap                   0x00000477   Thumb Code    74  sys_stackheap_outer.o(.text)
    exit                                     0x000004c1   Thumb Code    18  exit.o(.text)
    __user_libspace                          0x000004d5   Thumb Code     8  libspace.o(.text)
    __user_perproc_libspace                  0x000004d5   Thumb Code     0  libspace.o(.text)
    __user_perthread_libspace                0x000004d5   Thumb Code     0  libspace.o(.text)
    _sys_exit                                0x000004dd   Thumb Code     8  sys_exit.o(.text)
    __I$use$semihosting                      0x000004e9   Thumb Code     0  use_no_semi.o(.text)
    __use_no_semihosting_swi                 0x000004e9   Thumb Code     2  use_no_semi.o(.text)
    __semihosting_library_function           0x000004eb   Thumb Code     0  indicate_semi.o(.text)
    OS_sched                                 0x000004ed   Thumb Code    44  kernel.o(i.OS_sched)
    SysTick_Handler                          0x00000521   Thumb Code    20  kernel.o(i.SysTick_Handler)
    SystemInit                               0x0000053d   Thumb Code   112  system_tm4c123.o(i.SystemInit)
    Task0                                    0x000005d5   Thumb Code    14  main.o(i.Task0)
    Task1                                    0x000005e9   Thumb Code    14  main.o(i.Task1)
    Task2                                    0x000005fd   Thumb Code    14  main.o(i.Task2)
    Task3                                    0x00000611   Thumb Code    14  main.o(i.Task3)
    init_kernel                              0x00000625   Thumb Code    26  kernel.o(i.init_kernel)
    kernel_add_thread                        0x0000064d   Thumb Code    98  kernel.o(i.kernel_add_thread)
    launch_kernel                            0x000006bd   Thumb Code    56  kernel.o(i.launch_kernel)
    main                                     0x000006fd   Thumb Code   102  main.o(i.main)
    _fp_init                                 0x00000781   Thumb Code    10  fpinit.o(x$fpl$fpinit)
    __fplib_config_fpu_vfp                   0x00000789   Thumb Code     0  fpinit.o(x$fpl$fpinit)
    __fplib_config_pureend_doubles           0x00000789   Thumb Code     0  fpinit.o(x$fpl$fpinit)
    Region$$Table$$Base                      0x0000078c   Number         0  anon$$obj.o(Region$$Table)
    Region$$Table$$Limit                     0x000007ac   Number         0  anon$$obj.o(Region$$Table)
    tick                                     0x20000000   Data           4  kernel.o(.data)
    ms_prescalar                             0x20000004   Data           4  kernel.o(.data)
    ready_threads                            0x20000008   Data           4  kernel.o(.data)
    addr                                     0x20000010   Data           4  kernel.o(.data)
    current_thread                           0x20000014   Data           4  kernel.o(.data)
    count0                                   0x20000018   Data           4  main.o(.data)
    count1                                   0x2000001c   Data           4  main.o(.data)
    count2                                   0x20000020   Data           4  main.o(.data)
    count3                                   0x20000024   Data           4  main.o(.data)
    SystemCoreClock                          0x20000028   Data           4  system_tm4c123.o(.data)
    thread                                   0x2000002c   Data          48  kernel.o(.bss)
    prev_thread                              0x2000005c   Data          16  kernel.o(.bss)
    tcb_stack                                0x2000006c   Data        1200  kernel.o(.bss)
    __libspace_start                         0x2000051c   Data          96  libspace.o(.bss)
    __temporary_stack_top$libspace           0x2000057c   Data           0  libspace.o(.bss)



==============================================================================

Memory Map of the image

  Image Entry point : 0x0000035d

  Load Region LR_1 (Base: 0x00000000, Size: 0x000007d8, Max: 0xffffffff, ABSOLUTE)

    Execution Region ER_RO (Exec base: 0x00000000, Load base: 0x00000000, Size: 0x000007ac, Max: 0xffffffff, ABSOLUTE)

    Exec Addr    Load Addr    Size         Type   Attr      Idx    E Section Name        Object

    0x00000000   0x00000000   0x0000026c   Data   RO          165    RESET               startup_tm4c123.o
    0x0000026c   0x0000026c   0x00000050   Code   RO          109     .text              kernel_1.o
    0x000002bc   0x000002bc   0x00000008   Code   RO          225  * !!!main             c_w.l(__main.o)
    0x000002c4   0x000002c4   0x00000034   Code   RO          382    !!!scatter          c_w.l(__scatter.o)
    0x000002f8   0x000002f8   0x0000001a   Code   RO          384    !!handler_copy      c_w.l(__scatter_copy.o)
    0x00000312   0x00000312   0x00000002   PAD
    0x00000314   0x00000314   0x0000001c   Code   RO          386    !!handler_zi        c_w.l(__scatter_zi.o)
    0x00000330   0x00000330   0x00000002   Code   RO          252    .ARM.Collect$$libinit$$00000000  c_w.l(libinit.o)
    0x00000332   0x00000332   0x00000004   Code   RO          258    .ARM.Collect$$libinit$$00000001  c_w.l(libinit2.o)
    0x00000336   0x00000336   0x00000000   Code   RO          261    .ARM.Collect$$libinit$$00000004  c_w.l(libinit2.o)
    0x00000336   0x00000336   0x00000000   Code   RO          264    .ARM.Collect$$libinit$$0000000A  c_w.l(libinit2.o)
    0x00000336   0x00000336   0x00000000   Code   RO          266    .ARM.Collect$$libinit$$0000000C  c_w.l(libinit2.o)
    0x00000336   0x00000336   0x00000000   Code   RO          268    .ARM.Collect$$libinit$$0000000E  c_w.l(libinit2.o)
    0x00000336   0x00000336   0x00000000   Code   RO          271    .ARM.Collect$$libinit$$00000011  c_w.l(libinit2.o)
    0x00000336   0x00000336   0x00000000   Code   RO          273    .ARM.Collect$$libinit$$00000013  c_w.l(libinit2.o)
    0x00000336   0x00000336   0x00000000   Code   RO          275    .ARM.Collect$$libinit$$00000015  c_w.l(libinit2.o)
    0x00000336   0x00000336   0x00000000   Code   RO          277    .ARM.Collect$$libinit$$00000017  c_w.l(libinit2.o)
    0x00000336   0x00000336   0x00000000   Code   RO          279    .ARM.Collect$$libinit$$00000019  c_w.l(libinit2.o)
    0x00000336   0x00000336   0x00000000   Code   RO          281    .ARM.Collect$$libinit$$0000001B  c_w.l(libinit2.o)
    0x00000336   0x00000336   0x00000000   Code   RO          283    .ARM.Collect$$libinit$$0000001D  c_w.l(libinit2.o)
    0x00000336   0x00000336   0x00000000   Code   RO          285    .ARM.Collect$$libinit$$0000001F  c_w.l(libinit2.o)
    0x00000336   0x00000336   0x00000000   Code   RO          287    .ARM.Collect$$libinit$$00000021  c_w.l(libinit2.o)
    0x00000336   0x00000336   0x00000000   Code   RO          289    .ARM.Collect$$libinit$$00000023  c_w.l(libinit2.o)
    0x00000336   0x00000336   0x00000000   Code   RO          291    .ARM.Collect$$libinit$$00000025  c_w.l(libinit2.o)
    0x00000336   0x00000336   0x00000000   Code   RO          295    .ARM.Collect$$libinit$$0000002C  c_w.l(libinit2.o)
    0x00000336   0x00000336   0x00000000   Code   RO          297    .ARM.Collect$$libinit$$0000002E  c_w.l(libinit2.o)
    0x00000336   0x00000336   0x00000000   Code   RO          299    .ARM.Collect$$libinit$$00000030  c_w.l(libinit2.o)
    0x00000336   0x00000336   0x00000000   Code   RO          301    .ARM.Collect$$libinit$$00000032  c_w.l(libinit2.o)
    0x00000336   0x00000336   0x00000002   Code   RO          302    .ARM.Collect$$libinit$$00000033  c_w.l(libinit2.o)
    0x00000338   0x00000338   0x00000002   Code   RO          322    .ARM.Collect$$libshutdown$$00000000  c_w.l(libshutdown.o)
    0x0000033a   0x0000033a   0x00000000   Code   RO          335    .ARM.Collect$$libshutdown$$00000002  c_w.l(libshutdown2.o)
    0x0000033a   0x0000033a   0x00000000   Code   RO          337    .ARM.Collect$$libshutdown$$00000004  c_w.l(libshutdown2.o)
    0x0000033a   0x0000033a   0x00000000   Code   RO          340    .ARM.Collect$$libshutdown$$00000007  c_w.l(libshutdown2.o)
    0x0000033a   0x0000033a   0x00000000   Code   RO          343    .ARM.Collect$$libshutdown$$0000000A  c_w.l(libshutdown2.o)
    0x0000033a   0x0000033a   0x00000000   Code   RO          345    .ARM.Collect$$libshutdown$$0000000C  c_w.l(libshutdown2.o)
    0x0000033a   0x0000033a   0x00000000   Code   RO          348    .ARM.Collect$$libshutdown$$0000000F  c_w.l(libshutdown2.o)
    0x0000033a   0x0000033a   0x00000002   Code   RO          349    .ARM.Collect$$libshutdown$$00000010  c_w.l(libshutdown2.o)
    0x0000033c   0x0000033c   0x00000000   Code   RO          227    .ARM.Collect$$rtentry$$00000000  c_w.l(__rtentry.o)
    0x0000033c   0x0000033c   0x00000000   Code   RO          229    .ARM.Collect$$rtentry$$00000002  c_w.l(__rtentry2.o)
    0x0000033c   0x0000033c   0x00000006   Code   RO          241    .ARM.Collect$$rtentry$$00000004  c_w.l(__rtentry4.o)
    0x00000342   0x00000342   0x00000000   Code   RO          231    .ARM.Collect$$rtentry$$00000009  c_w.l(__rtentry2.o)
    0x00000342   0x00000342   0x00000004   Code   RO          232    .ARM.Collect$$rtentry$$0000000A  c_w.l(__rtentry2.o)
    0x00000346   0x00000346   0x00000000   Code   RO          234    .ARM.Collect$$rtentry$$0000000C  c_w.l(__rtentry2.o)
    0x00000346   0x00000346   0x00000008   Code   RO          235    .ARM.Collect$$rtentry$$0000000D  c_w.l(__rtentry2.o)
    0x0000034e   0x0000034e   0x00000002   Code   RO          256    .ARM.Collect$$rtexit$$00000000  c_w.l(rtexit.o)
    0x00000350   0x00000350   0x00000000   Code   RO          304    .ARM.Collect$$rtexit$$00000002  c_w.l(rtexit2.o)
    0x00000350   0x00000350   0x00000004   Code   RO          305    .ARM.Collect$$rtexit$$00000003  c_w.l(rtexit2.o)
    0x00000354   0x00000354   0x00000006   Code   RO          306    .ARM.Collect$$rtexit$$00000004  c_w.l(rtexit2.o)
    0x0000035a   0x0000035a   0x00000002   PAD
    0x0000035c   0x0000035c   0x00000114   Code   RO          166  * .text               startup_tm4c123.o
    0x00000470   0x00000470   0x00000006   Code   RO          223    .text               c_w.l(heapauxi.o)
    0x00000476   0x00000476   0x0000004a   Code   RO          243    .text               c_w.l(sys_stackheap_outer.o)
    0x000004c0   0x000004c0   0x00000012   Code   RO          245    .text               c_w.l(exit.o)
    0x000004d2   0x000004d2   0x00000002   PAD
    0x000004d4   0x000004d4   0x00000008   Code   RO          253    .text               c_w.l(libspace.o)
    0x000004dc   0x000004dc   0x0000000c   Code   RO          314    .text               c_w.l(sys_exit.o)
    0x000004e8   0x000004e8   0x00000002   Code   RO          325    .text               c_w.l(use_no_semi.o)
    0x000004ea   0x000004ea   0x00000000   Code   RO          327    .text               c_w.l(indicate_semi.o)
    0x000004ea   0x000004ea   0x00000002   PAD
    0x000004ec   0x000004ec   0x00000034   Code   RO            4    i.OS_sched          kernel.o
    0x00000520   0x00000520   0x0000001c   Code   RO            5    i.SysTick_Handler   kernel.o
    0x0000053c   0x0000053c   0x00000098   Code   RO          174    i.SystemInit        system_tm4c123.o
    0x000005d4   0x000005d4   0x00000014   Code   RO          115    i.Task0             main.o
    0x000005e8   0x000005e8   0x00000014   Code   RO          116    i.Task1             main.o
    0x000005fc   0x000005fc   0x00000014   Code   RO          117    i.Task2             main.o
    0x00000610   0x00000610   0x00000014   Code   RO          118    i.Task3             main.o
    0x00000624   0x00000624   0x00000028   Code   RO            6    i.init_kernel       kernel.o
    0x0000064c   0x0000064c   0x00000070   Code   RO            7    i.kernel_add_thread  kernel.o
    0x000006bc   0x000006bc   0x00000040   Code   RO           12    i.launch_kernel     kernel.o
    0x000006fc   0x000006fc   0x00000084   Code   RO          119    i.main              main.o
    0x00000780   0x00000780   0x0000000a   Code   RO          312    x$fpl$fpinit        fz_wm.l(fpinit.o)
    0x0000078a   0x0000078a   0x00000002   PAD
    0x0000078c   0x0000078c   0x00000020   Data   RO          380    Region$$Table       anon$$obj.o


    Execution Region ER_RW (Exec base: 0x20000000, Load base: 0x000007ac, Size: 0x0000002c, Max: 0xffffffff, ABSOLUTE)

    Exec Addr    Load Addr    Size         Type   Attr      Idx    E Section Name        Object

    0x20000000   0x000007ac   0x00000018   Data   RW           14    .data               kernel.o
    0x20000018   0x000007c4   0x00000010   Data   RW          120    .data               main.o
    0x20000028   0x000007d4   0x00000004   Data   RW          176    .data               system_tm4c123.o


    Execution Region ER_ZI (Exec base: 0x2000002c, Load base: 0x000007d8, Size: 0x00000754, Max: 0xffffffff, ABSOLUTE)

    Exec Addr    Load Addr    Size         Type   Attr      Idx    E Section Name        Object

    0x2000002c        -       0x000004f0   Zero   RW           13    .bss                kernel.o
    0x2000051c        -       0x00000060   Zero   RW          254    .bss                c_w.l(libspace.o)
    0x2000057c   0x000007d8   0x00000004   PAD
    0x20000580        -       0x00000000   Zero   RW          164    HEAP                startup_tm4c123.o
    0x20000580        -       0x00000200   Zero   RW          163    STACK               startup_tm4c123.o


==============================================================================

Image component sizes


      Code (inc. data)   RO Data    RW Data    ZI Data      Debug   Object Name

       296         52          0         24       1264       8662   kernel.o
        80         10          0          0          0        256   kernel_1.o
       212         54          0         16          0       2701   main.o
       276         24        620          0        512       5464   startup_tm4c123.o
       152         40          0          4          0        867   system_tm4c123.o

    ----------------------------------------------------------------------
      1016        180        652         44       1776      17950   Object Totals
         0          0         32          0          0          0   (incl. Generated)
         0          0          0          0          0          0   (incl. Padding)

    ----------------------------------------------------------------------

      Code (inc. data)   RO Data    RW Data    ZI Data      Debug   Library Member Name

         8          0          0          0          0         68   __main.o
         0          0          0          0          0          0   __rtentry.o
        12          0          0          0          0          0   __rtentry2.o
         6          0          0          0          0          0   __rtentry4.o
        52          8          0          0          0          0   __scatter.o
        26          0          0          0          0          0   __scatter_copy.o
        28          0          0          0          0          0   __scatter_zi.o
        18          0          0          0          0         80   exit.o
         6          0          0          0          0        152   heapauxi.o
         0          0          0          0          0          0   indicate_semi.o
         2          0          0          0          0          0   libinit.o
         6          0          0          0          0          0   libinit2.o
         2          0          0          0          0          0   libshutdown.o
         2          0          0          0          0          0   libshutdown2.o
         8          4          0          0         96         68   libspace.o
         2          0          0          0          0          0   rtexit.o
        10          0          0          0          0          0   rtexit2.o
        12          4          0          0          0         68   sys_exit.o
        74          0          0          0          0         80   sys_stackheap_outer.o
         2          0          0          0          0         68   use_no_semi.o
        10          0          0          0          0        116   fpinit.o

    ----------------------------------------------------------------------
       296         16          0          0        100        700   Library Totals
        10          0          0          0          4          0   (incl. Padding)

    ----------------------------------------------------------------------

      Code (inc. data)   RO Data    RW Data    ZI Data      Debug   Library Name

       276         16          0          0         96        584   c_w.l
        10          0          0          0          0        116   fz_wm.l

    ----------------------------------------------------------------------
       296         16          0          0        100        700   Library Totals

    ----------------------------------------------------------------------

==============================================================================


      Code (inc. data)   RO Data    RW Data    ZI Data      Debug   

      1312        196        652         44       1876      17794   Grand Totals
      1312        196        652         44       1876      17794   ELF Image Totals
      1312        196        652         44          0          0   ROM Totals

==============================================================================

    Total RO  Size (Code + RO Data)                 1964 (   1.92kB)
    Total RW  Size (RW Data + ZI Data)              1920 (   1.88kB)
    Total ROM Size (Code + RO Data + RW Data)       2008 (   1.96kB)

==============================================================================

